cargo :     Checking bevy_picking v0.18.1
At line:1 char:49
+ ... Program Files\LLVM\bin'; cargo check -p dedicated_server 2>&1 | Out-F ...
+                              ~~~~~~~~~~~~~~~~~~~~~~~~~~~~~~~~~~~~
    + CategoryInfo          : NotSpecified: (    Checking bevy_picking v0.18.1 
   :String) [], RemoteException
    + FullyQualifiedErrorId : NativeCommandError
 
    Checking bevy_light v0.18.1
    Checking bevy_render v0.18.1
   Compiling game-networking-sockets-sys v0.1.5
    Checking bevy_scene v0.18.1
error: failed to run custom build command for `game-networking-sockets-sys 
v0.1.5`

Caused by:
  process didn't exit successfully: 
`C:\Users\hugop\OneDrive\Documents\Cours\UQAC\Summer Network\Lab_MMORPG\mmorpg-
lab\target\debug\build\game-networking-sockets-sys-07b357bfdaacb444\build-scrip
t-build` (exit code: 101)
  --- stdout
  cargo::rerun-if-changed=C:\Users\hugop\.cargo\registry\src\index.crates.io-19
49cf8c6b5b557f\game-networking-sockets-sys-0.1.5\src
  cargo::rerun-if-changed=C:\Users\hugop\.cargo\registry\src\index.crates.io-19
49cf8c6b5b557f\game-networking-sockets-sys-0.1.5\thirdparty\GameNetworkingSocke
ts\src
  cargo::rerun-if-changed=C:\Users\hugop\.cargo\registry\src\index.crates.io-19
49cf8c6b5b557f\game-networking-sockets-sys-0.1.5\thirdparty\GameNetworkingSocke
ts\include
  cargo::rerun-if-changed=C:\Users\hugop\.cargo\registry\src\index.crates.io-19
49cf8c6b5b557f\game-networking-sockets-sys-0.1.5\thirdparty\GameNetworkingSocke
ts\cmake
  cargo::rerun-if-changed=C:\Users\hugop\.cargo\registry\src\index.crates.io-19
49cf8c6b5b557f\game-networking-sockets-sys-0.1.5\thirdparty\GameNetworkingSocke
ts\CMakeLists.txt
  cargo:rerun-if-env-changed=TARGET
  cargo:rerun-if-env-changed=BINDGEN_EXTRA_CLANG_ARGS_x86_64-pc-windows-msvc
  cargo:rerun-if-env-changed=BINDGEN_EXTRA_CLANG_ARGS_x86_64_pc_windows_msvc
  cargo:rerun-if-env-changed=BINDGEN_EXTRA_CLANG_ARGS
  cargo:rerun-if-changed=C:\Users\hugop\.cargo\registry\src\index.crates.io-194
9cf8c6b5b557f\game-networking-sockets-sys-0.1.5\thirdparty\GameNetworkingSocket
s\include\steam\steamnetworkingsockets_flat.h
  cargo:rerun-if-changed=C:\Users\hugop\.cargo\registry\src\index.crates.io-194
9cf8c6b5b557f\game-networking-sockets-sys-0.1.5\thirdparty\GameNetworkingSocket
s\include\steam\steamnetworkingsockets.h
  cargo:rerun-if-changed=C:\Users\hugop\.cargo\registry\src\index.crates.io-194
9cf8c6b5b557f\game-networking-sockets-sys-0.1.5\thirdparty\GameNetworkingSocket
s\include\steam\steamnetworkingtypes.h
  cargo:rerun-if-changed=C:\Program Files (x86)\Windows 
Kits\10\Include\10.0.26100.0\ucrt\string.h
  cargo:rerun-if-changed=C:\Program Files (x86)\Windows 
Kits\10\Include\10.0.26100.0\ucrt\corecrt.h
  cargo:rerun-if-changed=C:\Program Files (x86)\Microsoft Visual 
Studio\2022\BuildTools\VC\Tools\MSVC\14.44.35207\include\vcruntime.h
  cargo:rerun-if-changed=C:\Program Files (x86)\Microsoft Visual 
Studio\2022\BuildTools\VC\Tools\MSVC\14.44.35207\include\sal.h
  cargo:rerun-if-changed=C:\Program Files (x86)\Microsoft Visual 
Studio\2022\BuildTools\VC\Tools\MSVC\14.44.35207\include\concurrencysal.h
  cargo:rerun-if-changed=C:\Program Files (x86)\Microsoft Visual 
Studio\2022\BuildTools\VC\Tools\MSVC\14.44.35207\include\vadefs.h
  cargo:rerun-if-changed=C:\Program Files (x86)\Windows 
Kits\10\Include\10.0.26100.0\ucrt\corecrt_memory.h
  cargo:rerun-if-changed=C:\Program Files (x86)\Windows 
Kits\10\Include\10.0.26100.0\ucrt\corecrt.h
  cargo:rerun-if-changed=C:\Program Files (x86)\Windows 
Kits\10\Include\10.0.26100.0\ucrt\corecrt_memcpy_s.h
  cargo:rerun-if-changed=C:\Program Files (x86)\Windows 
Kits\10\Include\10.0.26100.0\ucrt\corecrt.h
  cargo:rerun-if-changed=C:\Program Files (x86)\Windows 
Kits\10\Include\10.0.26100.0\ucrt\errno.h
  cargo:rerun-if-changed=C:\Program Files (x86)\Windows 
Kits\10\Include\10.0.26100.0\ucrt\corecrt.h
  cargo:rerun-if-changed=C:\Program Files (x86)\Microsoft Visual 
Studio\2022\BuildTools\VC\Tools\MSVC\14.44.35207\include\vcruntime_string.h
  cargo:rerun-if-changed=C:\Program Files (x86)\Microsoft Visual 
Studio\2022\BuildTools\VC\Tools\MSVC\14.44.35207\include\vcruntime.h
  cargo:rerun-if-changed=C:\Program Files (x86)\Microsoft Visual 
Studio\2022\BuildTools\VC\Tools\MSVC\14.44.35207\include\vcruntime_string.h
  cargo:rerun-if-changed=C:\Program Files (x86)\Windows 
Kits\10\Include\10.0.26100.0\ucrt\corecrt_wstring.h
  cargo:rerun-if-changed=C:\Program Files (x86)\Windows 
Kits\10\Include\10.0.26100.0\ucrt\corecrt.h
  cargo:rerun-if-changed=C:\Program Files (x86)\Microsoft Visual 
Studio\2022\BuildTools\VC\Tools\MSVC\14.44.35207\include\vcruntime_string.h
  cargo:rerun-if-changed=C:\Program Files (x86)\Microsoft Visual 
Studio\2022\BuildTools\VC\Tools\MSVC\14.44.35207\include\vcruntime_string.h
  cargo:rerun-if-changed=C:\Program Files (x86)\Microsoft Visual 
Studio\2022\BuildTools\VC\Tools\MSVC\14.44.35207\include\stdint.h
  cargo:rerun-if-changed=C:\Program Files (x86)\Microsoft Visual 
Studio\2022\BuildTools\VC\Tools\MSVC\14.44.35207\include\vcruntime.h
  cargo:rerun-if-changed=C:\Users\hugop\.cargo\registry\src\index.crates.io-194
9cf8c6b5b557f\game-networking-sockets-sys-0.1.5\thirdparty\GameNetworkingSocket
s\include\steam\steamtypes.h
  cargo:rerun-if-changed=C:\Users\hugop\.cargo\registry\src\index.crates.io-194
9cf8c6b5b557f\game-networking-sockets-sys-0.1.5\thirdparty\GameNetworkingSocket
s\include\steam\steamclientpublic.h
  cargo:rerun-if-changed=C:\Users\hugop\.cargo\registry\src\index.crates.io-194
9cf8c6b5b557f\game-networking-sockets-sys-0.1.5\thirdparty\GameNetworkingSocket
s\include\steam\steamtypes.h
  cargo:rerun-if-changed=C:\Users\hugop\.cargo\registry\src\index.crates.io-194
9cf8c6b5b557f\game-networking-sockets-sys-0.1.5\thirdparty\GameNetworkingSocket
s\include\steam\steamuniverse.h
  cargo:rerun-if-changed=C:\Users\hugop\.cargo\registry\src\index.crates.io-194
9cf8c6b5b557f\game-networking-sockets-sys-0.1.5\thirdparty\GameNetworkingSocket
s\include\steam\isteamnetworkingsockets.h
  cargo:rerun-if-changed=C:\Users\hugop\.cargo\registry\src\index.crates.io-194
9cf8c6b5b557f\game-networking-sockets-sys-0.1.5\thirdparty\GameNetworkingSocket
s\include\steam\steamnetworkingtypes.h
  cargo:rerun-if-changed=C:\Users\hugop\.cargo\registry\src\index.crates.io-194
9cf8c6b5b557f\game-networking-sockets-sys-0.1.5\thirdparty\GameNetworkingSocket
s\include\steam\steam_api_common.h
  cargo:rerun-if-changed=C:\Users\hugop\.cargo\registry\src\index.crates.io-194
9cf8c6b5b557f\game-networking-sockets-sys-0.1.5\thirdparty\GameNetworkingSocket
s\include\steam\steamtypes.h
  cargo:rerun-if-changed=C:\Users\hugop\.cargo\registry\src\index.crates.io-194
9cf8c6b5b557f\game-networking-sockets-sys-0.1.5\thirdparty\GameNetworkingSocket
s\include\steam\steamclientpublic.h
  cargo:rerun-if-changed=C:\Users\hugop\.cargo\registry\src\index.crates.io-194
9cf8c6b5b557f\game-networking-sockets-sys-0.1.5\thirdparty\GameNetworkingSocket
s\include\steam\isteamnetworkingutils.h
  cargo:rerun-if-changed=C:\Users\hugop\.cargo\registry\src\index.crates.io-194
9cf8c6b5b557f\game-networking-sockets-sys-0.1.5\thirdparty\GameNetworkingSocket
s\include\steam\steamnetworkingtypes.h
  cargo:rerun-if-changed=C:\Users\hugop\.cargo\registry\src\index.crates.io-194
9cf8c6b5b557f\game-networking-sockets-sys-0.1.5\thirdparty\GameNetworkingSocket
s\include\steam\steam_api_common.h
  cargo:rerun-if-changed=C:\Users\hugop\.cargo\registry\src\index.crates.io-194
9cf8c6b5b557f\game-networking-sockets-sys-0.1.5\thirdparty\GameNetworkingSocket
s\include\steam\isteamnetworkingmessages.h
  cargo:rerun-if-changed=C:\Users\hugop\.cargo\registry\src\index.crates.io-194
9cf8c6b5b557f\game-networking-sockets-sys-0.1.5\thirdparty\GameNetworkingSocket
s\include\steam\steamnetworkingtypes.h
  cargo:rerun-if-changed=C:\Users\hugop\.cargo\registry\src\index.crates.io-194
9cf8c6b5b557f\game-networking-sockets-sys-0.1.5\thirdparty\GameNetworkingSocket
s\include\steam\steam_api_common.h
  cargo:rerun-if-changed=C:\Users\hugop\.cargo\registry\src\index.crates.io-194
9cf8c6b5b557f\game-networking-sockets-sys-0.1.5\thirdparty\GameNetworkingSocket
s\include\steam\isteamnetworkingsockets.h
  cargo:rustc-link-search=C:\Users\hugop\OneDrive\Documents\Cours\UQAC\Summer N
etwork\Lab_MMORPG\mmorpg-lab\target\debug\build\game-networking-sockets-sys-ee7
d7142847b61f5\out\build/src
  cargo:rustc-link-lib=GameNetworkingSockets_s
  cargo::rerun-if-changed=C:\Users\hugop\.cargo\registry\src\index.crates.io-19
49cf8c6b5b557f\game-networking-sockets-sys-0.1.5\thirdparty\GameNetworkingSocke
ts\vcpkg.json
  cargo::rerun-if-env-changed=GNS_VCPKG_BUILDTREES_ROOT
  cargo::rerun-if-env-changed=GNS_VCPKG_BUILDTREES_ROOT_NO_CHECK

  --- stderr
  clang diag: C:\Users\hugop\.cargo\registry\src\index.crates.io-1949cf8c6b5b55
7f\game-networking-sockets-sys-0.1.5\thirdparty\GameNetworkingSockets\include\s
team\steamnetworkingtypes.h:23:9: warning: 
'STEAMNETWORKINGSOCKETS_STANDALONELIB' macro redefined [-Wmacro-redefined]
  clang diag: C:\Users\hugop\.cargo\registry\src\index.crates.io-1949cf8c6b5b55
7f\game-networking-sockets-sys-0.1.5\thirdparty\GameNetworkingSockets\include\s
team\steamnetworkingsockets.h:10:9: warning: #pragma once in main file 
[-Wpragma-once-outside-header]

  thread 'main' (37948) panicked at C:\Users\hugop\.cargo\registry\src\index.cr
ates.io-1949cf8c6b5b557f\game-networking-sockets-sys-0.1.5\build.rs:319:13:
  vcpkg 'buildtrees' root path 
('C:\Users\hugop\OneDrive\Documents\Cours\UQAC\Summer Network\Lab_MMORPG\mmorpg
-lab\target\debug\build\game-networking-sockets-sys-ee7d7142847b61f5\out\vcpkg\
buildtrees') is too long (166 > 100)

  vcpkg 'buildtrees' root can use very long paths, which can exceed the
  default Windows MAX_PATH of 256, and more importantly the CMake limit of 250.
  A shorter path can be used by setting `GNS_VCPKG_BUILDTREES_ROOT` to a custom
  location.

  Alternatively, this check can be bypassed by setting
  `GNS_VCPKG_BUILDTREES_ROOT_NO_CHECK=true`, but this will likely result in 
build
  failures if you don't know exactly what you are doing.
  note: run with `RUST_BACKTRACE=1` environment variable to display a backtrace
warning: build failed, waiting for other jobs to finish...
